// Jest Snapshot v1, https://goo.gl/fbAQLP

exports[`About matches snapshot 1`] = `
<h1 class="text-4xl font-extrabold tracking-tight sm:text-5xl lg:text-6xl"> About </h1>
<p class="mt-6 text-xl max-w-3xl"> This is an opinionated template for using <b>Ruby on Rails</b> with <b>Vue.js</b></p>
<hr class="my-10 mx-20">
<div class="
      mt-10
      grid grid-cols-1
      text-xl
      space-y-8
      sm:grid-cols-4
      sm:space-y-0 sm:space-x-10
    ">
  <div>
    <h2 class="font-bold">Backend</h2>
    <ul class="mt-3 leading-8">
      <li><a class="hover:underline" href="https://www.ruby-lang.org/" target="_blank" rel="noopener">Ruby 3</a></li>
      <li><a class="hover:underline" href="https://rubyonrails.org/" target="_blank" rel="noopener">Ruby on Rails 6.1</a></li>
      <li><a class="hover:underline" href="https://www.postgresql.org/" target="_blank" rel="noopener">PostgreSQL</a></li>
    </ul>
  </div>
  <div>
    <h2 class="font-bold">Frontend</h2>
    <ul class="mt-3 leading-8">
      <li><a class="hover:underline" href="https://v3.vuejs.org/" target="_blank" rel="noopener">Vue 3</a></li>
      <li><a class="hover:underline" href="https://tailwindcss.com/" target="_blank" rel="noopener">TailwindCSS 2</a></li>
      <li><a class="hover:underline" href="https://www.typescriptlang.org/" target="_blank" rel="noopener">TypeScript</a></li>
      <li><a class="hover:underline" href="https://vuex.vuejs.org/" target="_blank" rel="noopener">Vuex</a></li>
      <li><a class="hover:underline" href="https://headlessui.dev/" target="_blank" rel="noopener">HeadlessUI</a></li>
      <li><a class="hover:underline" href="https://heroicons.com/" target="_blank" rel="noopener">HeroIcons</a></li>
      <li><a class="hover:underline" href="https://webpack.js.org/" target="_blank" rel="noopener">Webpack 5</a></li>
    </ul>
  </div>
  <div>
    <h2 class="font-bold">Continuous integration</h2>
    <ul class="mt-3 leading-8">
      <li><a class="hover:underline" href="https://github.com/features/actions" target="_blank" rel="noopener">GitHub Actions</a></li>
      <li><a class="hover:underline" href="https://rspec.info/" target="_blank" rel="noopener">RSpec</a></li>
      <li><a class="hover:underline" href="https://rubocop.org/" target="_blank" rel="noopener">RuboCop</a></li>
      <li><a class="hover:underline" href="https://jestjs.io/" target="_blank" rel="noopener">Jest</a></li>
      <li><a class="hover:underline" href="https://eslint.org/" target="_blank" rel="noopener">ESLint</a></li>
    </ul>
  </div>
  <div>
    <h2 class="font-bold">Deployment</h2>
    <ul class="mt-3 leading-8">
      <li><a class="hover:underline" href="https://www.docker.com/" target="_blank" rel="noopener">Docker</a></li>
    </ul>
  </div>
</div>
`;
